root@duos:/var/www/duo# cat > bot/autoshop/settings.ini << 'EOF'
> [settings]
>      token=8172657942:AAEaHf7zEYNfs_KKIyed-HzvsUKYELgxnOw
>      admin_id=6147555067, 6996858071
> EOF
root@duos:/var/www/duo# cat -A bot/autoshop/settings.ini
[settings]$
     token=8172657942:AAEaHf7zEYNfs_KKIyed-HzvsUKYELgxnOw$
     admin_id=6147555067, 6996858071$
root@duos:/var/www/duo# pm2 restart duo-bot
Use --update-env to update environment variables
[PM2] Applying action restartProcessId on app [duo-bot](ids: [ 4 ])
[PM2] [duo-bot](4) ✓
┌────┬───────────────────┬─────────────┬─────────┬─────────┬──────────┬────────┬──────┬───────────┬──────────┬──────────┬──────────┬──────────┐
│ id │ name              │ namespace   │ version │ mode    │ pid      │ uptime │ ↺    │ status    │ cpu      │ mem      │ user     │ watching │
├────┼───────────────────┼─────────────┼─────────┼─────────┼──────────┼────────┼──────┼───────────┼──────────┼──────────┼──────────┼──────────┤
│ 4  │ duo-bot           │ default     │ N/A     │ fork    │ 980167   │ 0s     │ 944  │ online    │ 0%       │ 6.5mb    │ root     │ disabled │
│ 0  │ duo-server        │ default     │ 2.0.0   │ fork    │ 978412   │ 47m    │ 256  │ online    │ 1.4%     │ 78.7mb   │ root     │ disabled │
│ 3  │ withdrawal-bot    │ default     │ 1.0.0   │ fork    │ 978415   │ 47m    │ 14   │ online    │ 0%       │ 74.7mb   │ root     │ disabled │
└────┴───────────────────┴─────────────┴─────────┴─────────┴──────────┴────────┴──────┴───────────┴──────────┴──────────┴──────────┴──────────┘
root@duos:/var/www/duo# sleep 3
root@duos:/var/www/duo# pm2 logs duo-bot --lines 20 --nostream
� Используется SERVER_URL: http://77.239.125.70:3000
4|duo-bot  | � PARTNER_API_SECRET установлен: ✅
4|duo-bot  | DB was found(1/8)
4|duo-bot  | DB was found(2/8)
4|duo-bot  | DB was found(3/8)
4|duo-bot  | DB was found(4/8)
4|duo-bot  | DB was found(5/8)
4|duo-bot  | DB was found(6/8)
4|duo-bot  | DB was found(7/8)
4|duo-bot  | DB was found(8/8)
4|duo-bot  | ~~~~~ Bot was started - @aasasdasdadsddasdbot ~~~~~
4|duo-bot  | ~~~~~ TG developer - @djimbox ~~~~~
4|duo-bot  | 

root@duos:/var/www/duo#


























































root@duos:/var/www/duo# ы
ыы: command not found
root@duos:/var/www/duo# ы
ыы: command not found
root@duos:/var/www/duo# grep -n "my_referrals"

^C
root@duos:/var/www/duo# grep -n "my_referrals"
^C
root@duos:/var/www/duo# bot/autoshop/tgbot/routers/user/user_referrals.py | head -5
-bash: bot/autoshop/tgbot/routers/user/user_referrals.py: Permission denied
root@duos:/var/www/duo#